Archive member included to satisfy reference by file (symbol)

c:/dev/tools/gcc-arm-none-eabi-10.3-2021.10/bin/../lib/gcc/arm-none-eabi/10.3.1/../../../../arm-none-eabi/lib/thumb/v6-m/nofp\libc_nano.a(lib_a-errno.o)
                              build/sysmem.o (__errno)
c:/dev/tools/gcc-arm-none-eabi-10.3-2021.10/bin/../lib/gcc/arm-none-eabi/10.3.1/../../../../arm-none-eabi/lib/thumb/v6-m/nofp\libc_nano.a(lib_a-exit.o)
                              c:/dev/tools/gcc-arm-none-eabi-10.3-2021.10/bin/../lib/gcc/arm-none-eabi/10.3.1/../../../../arm-none-eabi/lib/thumb/v6-m/nofp/crt0.o (exit)
c:/dev/tools/gcc-arm-none-eabi-10.3-2021.10/bin/../lib/gcc/arm-none-eabi/10.3.1/../../../../arm-none-eabi/lib/thumb/v6-m/nofp\libc_nano.a(lib_a-impure.o)
                              c:/dev/tools/gcc-arm-none-eabi-10.3-2021.10/bin/../lib/gcc/arm-none-eabi/10.3.1/../../../../arm-none-eabi/lib/thumb/v6-m/nofp\libc_nano.a(lib_a-exit.o) (_global_impure_ptr)
c:/dev/tools/gcc-arm-none-eabi-10.3-2021.10/bin/../lib/gcc/arm-none-eabi/10.3.1/../../../../arm-none-eabi/lib/thumb/v6-m/nofp\libc_nano.a(lib_a-init.o)
                              c:/dev/tools/gcc-arm-none-eabi-10.3-2021.10/bin/../lib/gcc/arm-none-eabi/10.3.1/../../../../arm-none-eabi/lib/thumb/v6-m/nofp/crt0.o (__libc_init_array)
c:/dev/tools/gcc-arm-none-eabi-10.3-2021.10/bin/../lib/gcc/arm-none-eabi/10.3.1/../../../../arm-none-eabi/lib/thumb/v6-m/nofp\libc_nano.a(lib_a-memset.o)
                              c:/dev/tools/gcc-arm-none-eabi-10.3-2021.10/bin/../lib/gcc/arm-none-eabi/10.3.1/../../../../arm-none-eabi/lib/thumb/v6-m/nofp/crt0.o (memset)
c:/dev/tools/gcc-arm-none-eabi-10.3-2021.10/bin/../lib/gcc/arm-none-eabi/10.3.1/thumb/v6-m/nofp\libgcc.a(_udivsi3.o)
                              build/stm32g0xx_hal_spi.o (__aeabi_uidiv)
c:/dev/tools/gcc-arm-none-eabi-10.3-2021.10/bin/../lib/gcc/arm-none-eabi/10.3.1/thumb/v6-m/nofp\libgcc.a(_divsi3.o)
                              build/stm32g0xx_hal_uart_ex.o (__aeabi_idiv)
c:/dev/tools/gcc-arm-none-eabi-10.3-2021.10/bin/../lib/gcc/arm-none-eabi/10.3.1/thumb/v6-m/nofp\libgcc.a(_dvmd_tls.o)
                              c:/dev/tools/gcc-arm-none-eabi-10.3-2021.10/bin/../lib/gcc/arm-none-eabi/10.3.1/thumb/v6-m/nofp\libgcc.a(_udivsi3.o) (__aeabi_idiv0)

Discarded input sections

 .text          0x00000000        0x0 c:/dev/tools/gcc-arm-none-eabi-10.3-2021.10/bin/../lib/gcc/arm-none-eabi/10.3.1/thumb/v6-m/nofp/crti.o
 .data          0x00000000        0x0 c:/dev/tools/gcc-arm-none-eabi-10.3-2021.10/bin/../lib/gcc/arm-none-eabi/10.3.1/thumb/v6-m/nofp/crti.o
 .bss           0x00000000        0x0 c:/dev/tools/gcc-arm-none-eabi-10.3-2021.10/bin/../lib/gcc/arm-none-eabi/10.3.1/thumb/v6-m/nofp/crti.o
 .data          0x00000000        0x4 c:/dev/tools/gcc-arm-none-eabi-10.3-2021.10/bin/../lib/gcc/arm-none-eabi/10.3.1/thumb/v6-m/nofp/crtbegin.o
 .rodata        0x00000000       0x24 c:/dev/tools/gcc-arm-none-eabi-10.3-2021.10/bin/../lib/gcc/arm-none-eabi/10.3.1/thumb/v6-m/nofp/crtbegin.o
 .text          0x00000000       0x80 c:/dev/tools/gcc-arm-none-eabi-10.3-2021.10/bin/../lib/gcc/arm-none-eabi/10.3.1/../../../../arm-none-eabi/lib/thumb/v6-m/nofp/crt0.o
 .data          0x00000000        0x0 c:/dev/tools/gcc-arm-none-eabi-10.3-2021.10/bin/../lib/gcc/arm-none-eabi/10.3.1/../../../../arm-none-eabi/lib/thumb/v6-m/nofp/crt0.o
 .bss           0x00000000        0x0 c:/dev/tools/gcc-arm-none-eabi-10.3-2021.10/bin/../lib/gcc/arm-none-eabi/10.3.1/../../../../arm-none-eabi/lib/thumb/v6-m/nofp/crt0.o
 .ARM.extab     0x00000000        0x0 c:/dev/tools/gcc-arm-none-eabi-10.3-2021.10/bin/../lib/gcc/arm-none-eabi/10.3.1/../../../../arm-none-eabi/lib/thumb/v6-m/nofp/crt0.o
 .ARM.exidx     0x00000000       0x10 c:/dev/tools/gcc-arm-none-eabi-10.3-2021.10/bin/../lib/gcc/arm-none-eabi/10.3.1/../../../../arm-none-eabi/lib/thumb/v6-m/nofp/crt0.o
 .ARM.attributes
                0x00000000       0x1b c:/dev/tools/gcc-arm-none-eabi-10.3-2021.10/bin/../lib/gcc/arm-none-eabi/10.3.1/../../../../arm-none-eabi/lib/thumb/v6-m/nofp/crt0.o
 .text          0x00000000        0x0 build/main.o
 .data          0x00000000        0x0 build/main.o
 .bss           0x00000000        0x0 build/main.o
 .text          0x00000000        0x0 build/stm32g0xx_it.o
 .data          0x00000000        0x0 build/stm32g0xx_it.o
 .bss           0x00000000        0x0 build/stm32g0xx_it.o
 .text          0x00000000        0x0 build/stm32g0xx_hal_msp.o
 .data          0x00000000        0x0 build/stm32g0xx_hal_msp.o
 .bss           0x00000000        0x0 build/stm32g0xx_hal_msp.o
 .text.HAL_SPI_MspDeInit
                0x00000000       0x30 build/stm32g0xx_hal_msp.o
 .text.HAL_UART_MspDeInit
                0x00000000       0x30 build/stm32g0xx_hal_msp.o
 .text          0x00000000        0x0 build/stm32g0xx_hal_spi.o
 .data          0x00000000        0x0 build/stm32g0xx_hal_spi.o
 .bss           0x00000000        0x0 build/stm32g0xx_hal_spi.o
 .text.SPI_WaitFlagStateUntilTimeout
[...]
Memory Configuration

Name             Origin             Length             Attributes
RAM              0x20000000         0x00009000         xrw
FLASH            0x08000000         0x00020000         xr
*default*        0x00000000         0xffffffff

Linker script and memory map

LOAD c:/dev/tools/gcc-arm-none-eabi-10.3-2021.10/bin/../lib/gcc/arm-none-eabi/10.3.1/thumb/v6-m/nofp/crti.o
LOAD c:/dev/tools/gcc-arm-none-eabi-10.3-2021.10/bin/../lib/gcc/arm-none-eabi/10.3.1/thumb/v6-m/nofp/crtbegin.o
LOAD c:/dev/tools/gcc-arm-none-eabi-10.3-2021.10/bin/../lib/gcc/arm-none-eabi/10.3.1/../../../../arm-none-eabi/lib/thumb/v6-m/nofp/crt0.o
LOAD build/main.o
LOAD build/stm32g0xx_it.o
LOAD build/stm32g0xx_hal_msp.o
LOAD build/stm32g0xx_hal_spi.o
LOAD build/stm32g0xx_hal_spi_ex.o
LOAD build/stm32g0xx_hal_rcc.o
LOAD build/stm32g0xx_hal_rcc_ex.o
LOAD build/stm32g0xx_ll_rcc.o
LOAD build/stm32g0xx_hal_flash.o
LOAD build/stm32g0xx_hal_flash_ex.o
LOAD build/stm32g0xx_hal_gpio.o
LOAD build/stm32g0xx_hal_dma.o
LOAD build/stm32g0xx_hal_dma_ex.o
LOAD build/stm32g0xx_hal_pwr.o
LOAD build/stm32g0xx_hal_pwr_ex.o
LOAD build/stm32g0xx_hal_cortex.o
LOAD build/stm32g0xx_hal.o
LOAD build/stm32g0xx_hal_exti.o
LOAD build/stm32g0xx_hal_tim.o
LOAD build/stm32g0xx_hal_tim_ex.o
LOAD build/stm32g0xx_hal_uart.o
LOAD build/stm32g0xx_hal_uart_ex.o
LOAD build/system_stm32g0xx.o
LOAD build/sysmem.o
LOAD build/syscalls.o
LOAD build/startup_stm32g070xx.o
LOAD c:/dev/tools/gcc-arm-none-eabi-10.3-2021.10/bin/../lib/gcc/arm-none-eabi/10.3.1/../../../../arm-none-eabi/lib/thumb/v6-m/nofp\libc_nano.a
LOAD c:/dev/tools/gcc-arm-none-eabi-10.3-2021.10/bin/../lib/gcc/arm-none-eabi/10.3.1/../../../../arm-none-eabi/lib/thumb/v6-m/nofp\libm.a
LOAD c:/dev/tools/gcc-arm-none-eabi-10.3-2021.10/bin/../lib/gcc/arm-none-eabi/10.3.1/../../../../arm-none-eabi/lib/thumb/v6-m/nofp\libnosys.a
START GROUP
LOAD c:/dev/tools/gcc-arm-none-eabi-10.3-2021.10/bin/../lib/gcc/arm-none-eabi/10.3.1/thumb/v6-m/nofp\libgcc.a
LOAD c:/dev/tools/gcc-arm-none-eabi-10.3-2021.10/bin/../lib/gcc/arm-none-eabi/10.3.1/../../../../arm-none-eabi/lib/thumb/v6-m/nofp\libc_nano.a
END GROUP
START GROUP
LOAD c:/dev/tools/gcc-arm-none-eabi-10.3-2021.10/bin/../lib/gcc/arm-none-eabi/10.3.1/thumb/v6-m/nofp\libgcc.a
LOAD c:/dev/tools/gcc-arm-none-eabi-10.3-2021.10/bin/../lib/gcc/arm-none-eabi/10.3.1/../../../../arm-none-eabi/lib/thumb/v6-m/nofp\libc_nano.a
END GROUP
LOAD c:/dev/tools/gcc-arm-none-eabi-10.3-2021.10/bin/../lib/gcc/arm-none-eabi/10.3.1/thumb/v6-m/nofp/crtend.o
LOAD c:/dev/tools/gcc-arm-none-eabi-10.3-2021.10/bin/../lib/gcc/arm-none-eabi/10.3.1/thumb/v6-m/nofp/crtn.o
                0x20009000                _estack = (ORIGIN (RAM) + LENGTH (RAM))
                0x00000200                _Min_Heap_Size = 0x200
                0x00000400                _Min_Stack_Size = 0x400

.isr_vector     0x08000000       0xb8
                0x08000000                . = ALIGN (0x4)
 *(.isr_vector)
 .isr_vector    0x08000000       0xb8 build/startup_stm32g070xx.o
                0x08000000                g_pfnVectors
                0x080000b8                . = ALIGN (0x4)

.text           0x080000b8     0x1b58
                0x080000b8                . = ALIGN (0x4)
 *(.text)
 .text          0x080000b8       0x48 c:/dev/tools/gcc-arm-none-eabi-10.3-2021.10/bin/../lib/gcc/arm-none-eabi/10.3.1/thumb/v6-m/nofp/crtbegin.o
 .text          0x08000100      0x114 c:/dev/tools/gcc-arm-none-eabi-10.3-2021.10/bin/../lib/gcc/arm-none-eabi/10.3.1/thumb/v6-m/nofp\libgcc.a(_udivsi3.o)
                0x08000100                __aeabi_uidiv
                0x08000100                __udivsi3
                0x0800020c                __aeabi_uidivmod
 .text          0x08000214      0x1d4 c:/dev/tools/gcc-arm-none-eabi-10.3-2021.10/bin/../lib/gcc/arm-none-eabi/10.3.1/thumb/v6-m/nofp\libgcc.a(_divsi3.o)
                0x08000214                __divsi3
                0x08000214                __aeabi_idiv
                0x080003e0                __aeabi_idivmod
 .text          0x080003e8        0x4 c:/dev/tools/gcc-arm-none-eabi-10.3-2021.10/bin/../lib/gcc/arm-none-eabi/10.3.1/thumb/v6-m/nofp\libgcc.a(_dvmd_tls.o)
                0x080003e8                __aeabi_idiv0
                0x080003e8                __aeabi_ldiv0
 *(.text*)
 .text.MX_GPIO_Init
                0x080003ec       0x8c build/main.o
 .text.Error_Handler
                0x08000478        0x4 build/main.o
                0x08000478                Error_Handler
 .text.MX_SPI1_Init
                0x0800047c       0x4c build/main.o
 .text.MX_USART2_UART_Init
                0x080004c8       0x68 build/main.o
 .text.SystemClock_Config
                0x08000530       0x60 build/main.o
                0x08000530                SystemClock_Config
 .text.main     0x08000590       0x50 build/main.o
                0x08000590                main
 .text.NMI_Handler
                0x080005e0        0x2 build/stm32g0xx_it.o
                0x080005e0                NMI_Handler
 .text.HardFault_Handler
                0x080005e2        0x2 build/stm32g0xx_it.o
                0x080005e2                HardFault_Handler
 .text.SVC_Handler
                0x080005e4        0x2 build/stm32g0xx_it.o
                0x080005e4                SVC_Handler
 .text.PendSV_Handler
                0x080005e6        0x2 build/stm32g0xx_it.o
                0x080005e6                PendSV_Handler
 .text.SysTick_Handler
                0x080005e8        0x8 build/stm32g0xx_it.o
                0x080005e8                SysTick_Handler
 .text.HAL_MspInit
                0x080005f0       0x30 build/stm32g0xx_hal_msp.o
                0x080005f0                HAL_MspInit
 .text.HAL_SPI_MspInit
                0x08000620       0x5c build/stm32g0xx_hal_msp.o
                0x08000620                HAL_SPI_MspInit
 .text.HAL_UART_MspInit
                0x0800067c       0x84 build/stm32g0xx_hal_msp.o
                0x0800067c                HAL_UART_MspInit
 .text.HAL_SPI_Init
                0x08000700      0x104 build/stm32g0xx_hal_spi.o
                0x08000700                HAL_SPI_Init
 .text.HAL_RCC_OscConfig
                0x08000804      0x4a4 build/stm32g0xx_hal_rcc.o
                0x08000804                HAL_RCC_OscConfig
 .text.HAL_RCC_GetSysClockFreq
                0x08000ca8       0xb8 build/stm32g0xx_hal_rcc.o
                0x08000ca8                HAL_RCC_GetSysClockFreq
 .text.HAL_RCC_ClockConfig
                0x08000d60      0x18c build/stm32g0xx_hal_rcc.o
                0x08000d60                HAL_RCC_ClockConfig
 .text.HAL_RCC_GetHCLKFreq
                0x08000eec        0xc build/stm32g0xx_hal_rcc.o
                0x08000eec                HAL_RCC_GetHCLKFreq
 .text.HAL_RCC_GetPCLK1Freq
                0x08000ef8       0x28 build/stm32g0xx_hal_rcc.o
                0x08000ef8                HAL_RCC_GetPCLK1Freq
 .text.HAL_RCCEx_PeriphCLKConfig
                0x08000f20      0x190 build/stm32g0xx_hal_rcc_ex.o
                0x08000f20                HAL_RCCEx_PeriphCLKConfig
 .text.HAL_GPIO_Init
                0x080010b0      0x178 build/stm32g0xx_hal_gpio.o
                0x080010b0                HAL_GPIO_Init
 .text.HAL_GPIO_ReadPin
                0x08001228        0xe build/stm32g0xx_hal_gpio.o
                0x08001228                HAL_GPIO_ReadPin
 .text.HAL_GPIO_WritePin
                0x08001236        0xc build/stm32g0xx_hal_gpio.o
                0x08001236                HAL_GPIO_WritePin
 .text.HAL_GPIO_TogglePin
                0x08001242       0x10 build/stm32g0xx_hal_gpio.o
                0x08001242                HAL_GPIO_TogglePin
 *fill*         0x08001252        0x2 
 .text.HAL_PWREx_ControlVoltageScaling
                0x08001254       0x54 build/stm32g0xx_hal_pwr_ex.o
                0x08001254                HAL_PWREx_ControlVoltageScaling
 .text.HAL_NVIC_SetPriority
                0x080012a8       0x60 build/stm32g0xx_hal_cortex.o
                0x080012a8                HAL_NVIC_SetPriority
 .text.HAL_SYSTICK_Config
                0x08001308       0x38 build/stm32g0xx_hal_cortex.o
                0x08001308                HAL_SYSTICK_Config
 .text.HAL_InitTick
                0x08001340       0x58 build/stm32g0xx_hal.o
                0x08001340                HAL_InitTick
 .text.HAL_Init
                0x08001398       0x28 build/stm32g0xx_hal.o
                0x08001398                HAL_Init
 .text.HAL_IncTick
                0x080013c0       0x18 build/stm32g0xx_hal.o
                0x080013c0                HAL_IncTick
 .text.HAL_GetTick
                0x080013d8        0xc build/stm32g0xx_hal.o
                0x080013d8                HAL_GetTick
 .text.HAL_Delay
                0x080013e4       0x24 build/stm32g0xx_hal.o
                0x080013e4                HAL_Delay
 .text.UART_EndRxTransfer
                0x08001408       0x64 build/stm32g0xx_hal_uart.o
 .text.UART_SetConfig
                0x0800146c      0x1f0 build/stm32g0xx_hal_uart.o
                0x0800146c                UART_SetConfig
 .text.UART_AdvFeatureConfig
                0x0800165c       0xe0 build/stm32g0xx_hal_uart.o
                0x0800165c                UART_AdvFeatureConfig
 .text.UART_WaitOnFlagUntilTimeout
                0x0800173c       0x9e build/stm32g0xx_hal_uart.o
                0x0800173c                UART_WaitOnFlagUntilTimeout
 .text.HAL_UART_Transmit
                0x080017da       0xfc build/stm32g0xx_hal_uart.o
                0x080017da                HAL_UART_Transmit
 *fill*         0x080018d6        0x2 
 .text.UART_CheckIdleState
                0x080018d8       0xd4 build/stm32g0xx_hal_uart.o
                0x080018d8                UART_CheckIdleState
 .text.HAL_UART_Init
                0x080019ac       0x70 build/stm32g0xx_hal_uart.o
                0x080019ac                HAL_UART_Init
 .text.UARTEx_SetNbDataToProcess
                0x08001a1c       0x50 build/stm32g0xx_hal_uart_ex.o
 .text.HAL_UARTEx_DisableFifoMode
                0x08001a6c       0x40 build/stm32g0xx_hal_uart_ex.o
                0x08001a6c                HAL_UARTEx_DisableFifoMode
 .text.HAL_UARTEx_SetTxFifoThreshold
                0x08001aac       0x4a build/stm32g0xx_hal_uart_ex.o
                0x08001aac                HAL_UARTEx_SetTxFifoThreshold
 *fill*         0x08001af6        0x2 
 .text.HAL_UARTEx_SetRxFifoThreshold
                0x08001af8       0x50 build/stm32g0xx_hal_uart_ex.o
                0x08001af8                HAL_UARTEx_SetRxFifoThreshold
 .text.SystemInit
                0x08001b48        0x2 build/system_stm32g0xx.o
                0x08001b48                SystemInit
 *fill*         0x08001b4a        0x2 
 .text.Reset_Handler
                0x08001b4c       0x50 build/startup_stm32g070xx.o
                0x08001b4c                Reset_Handler
 .text.Default_Handler
                0x08001b9c        0x2 build/startup_stm32g070xx.o
                0x08001b9c                TIM1_CC_IRQHandler
                0x08001b9c                TIM6_IRQHandler
                0x08001b9c                I2C1_IRQHandler
                0x08001b9c                RTC_TAMP_IRQHandler
                0x08001b9c                SPI1_IRQHandler
                0x08001b9c                USART3_4_IRQHandler
                0x08001b9c                EXTI2_3_IRQHandler
                0x08001b9c                ADC1_IRQHandler
                0x08001b9c                I2C2_IRQHandler
                0x08001b9c                TIM17_IRQHandler
                0x08001b9c                TIM16_IRQHandler
                0x08001b9c                TIM3_IRQHandler
                0x08001b9c                EXTI4_15_IRQHandler
                0x08001b9c                RCC_IRQHandler
                0x08001b9c                DMA1_Channel1_IRQHandler
                0x08001b9c                Default_Handler
                0x08001b9c                TIM14_IRQHandler
                0x08001b9c                TIM7_IRQHandler
                0x08001b9c                TIM15_IRQHandler
                0x08001b9c                EXTI0_1_IRQHandler
                0x08001b9c                SPI2_IRQHandler
                0x08001b9c                WWDG_IRQHandler
                0x08001b9c                DMA1_Ch4_7_DMAMUX1_OVR_IRQHandler
                0x08001b9c                DMA1_Channel2_3_IRQHandler
                0x08001b9c                USART2_IRQHandler
                0x08001b9c                FLASH_IRQHandler
                0x08001b9c                USART1_IRQHandler
                0x08001b9c                TIM1_BRK_UP_TRG_COM_IRQHandler
 *fill*         0x08001b9e        0x2 
 .text.__libc_init_array
                0x08001ba0       0x48 c:/dev/tools/gcc-arm-none-eabi-10.3-2021.10/bin/../lib/gcc/arm-none-eabi/10.3.1/../../../../arm-none-eabi/lib/thumb/v6-m/nofp\libc_nano.a(lib_a-init.o)
                0x08001ba0                __libc_init_array
 .text.memset   0x08001be8       0x10 c:/dev/tools/gcc-arm-none-eabi-10.3-2021.10/bin/../lib/gcc/arm-none-eabi/10.3.1/../../../../arm-none-eabi/lib/thumb/v6-m/nofp\libc_nano.a(lib_a-memset.o)
                0x08001be8                memset
 *(.glue_7)
 .glue_7        0x08001bf8        0x0 linker stubs
 *(.glue_7t)
 .glue_7t       0x08001bf8        0x0 linker stubs
 *(.eh_frame)
 .eh_frame      0x08001bf8        0x0 c:/dev/tools/gcc-arm-none-eabi-10.3-2021.10/bin/../lib/gcc/arm-none-eabi/10.3.1/thumb/v6-m/nofp/crtbegin.o
 *(.init)
 .init          0x08001bf8        0x4 c:/dev/tools/gcc-arm-none-eabi-10.3-2021.10/bin/../lib/gcc/arm-none-eabi/10.3.1/thumb/v6-m/nofp/crti.o
                0x08001bf8                _init
 .init          0x08001bfc        0x8 c:/dev/tools/gcc-arm-none-eabi-10.3-2021.10/bin/../lib/gcc/arm-none-eabi/10.3.1/thumb/v6-m/nofp/crtn.o
 *(.fini)
 .fini          0x08001c04        0x4 c:/dev/tools/gcc-arm-none-eabi-10.3-2021.10/bin/../lib/gcc/arm-none-eabi/10.3.1/thumb/v6-m/nofp/crti.o
                0x08001c04                _fini
 .fini          0x08001c08        0x8 c:/dev/tools/gcc-arm-none-eabi-10.3-2021.10/bin/../lib/gcc/arm-none-eabi/10.3.1/thumb/v6-m/nofp/crtn.o
                0x08001c10                . = ALIGN (0x4)
                0x08001c10                _etext = .

.vfp11_veneer   0x08001c10        0x0
 .vfp11_veneer  0x08001c10        0x0 linker stubs

.v4_bx          0x08001c10        0x0
 .v4_bx         0x08001c10        0x0 linker stubs

.iplt           0x08001c10        0x0
 .iplt          0x08001c10        0x0 c:/dev/tools/gcc-arm-none-eabi-10.3-2021.10/bin/../lib/gcc/arm-none-eabi/10.3.1/thumb/v6-m/nofp/crtbegin.o

.rodata         0x08001c10       0x98
                0x08001c10                . = ALIGN (0x4)
 *(.rodata)
 *(.rodata*)
 .rodata.main.str1.4
                0x08001c10        0xe build/main.o
 *fill*         0x08001c1e        0x2 
 .rodata.UARTPrescTable
                0x08001c20       0x18 build/stm32g0xx_hal_uart.o
                0x08001c20                UARTPrescTable
 .rodata.denominator.0
                0x08001c38        0x8 build/stm32g0xx_hal_uart_ex.o
 .rodata.numerator.1
                0x08001c40        0x8 build/stm32g0xx_hal_uart_ex.o
 .rodata.AHBPrescTable
                0x08001c48       0x40 build/system_stm32g0xx.o
                0x08001c48                AHBPrescTable
 .rodata.APBPrescTable
                0x08001c88       0x20 build/system_stm32g0xx.o
                0x08001c88                APBPrescTable
                0x08001ca8                . = ALIGN (0x4)

.rel.dyn        0x08001ca8        0x0
 .rel.iplt      0x08001ca8        0x0 c:/dev/tools/gcc-arm-none-eabi-10.3-2021.10/bin/../lib/gcc/arm-none-eabi/10.3.1/thumb/v6-m/nofp/crtbegin.o

.ARM.extab
 *(.ARM.extab* .gnu.linkonce.armextab.*)

.ARM            0x08001ca8        0x0
                0x08001ca8                __exidx_start = .
 *(.ARM.exidx*)
                0x08001ca8                __exidx_end = .

.preinit_array  0x08001ca8        0x0
                0x08001ca8                PROVIDE (__preinit_array_start = .)
 *(.preinit_array*)
                0x08001ca8                PROVIDE (__preinit_array_end = .)

.init_array     0x08001ca8        0x4
                0x08001ca8                PROVIDE (__init_array_start = .)
 *(SORT_BY_NAME(.init_array.*))
 *(.init_array*)
 .init_array    0x08001ca8        0x4 c:/dev/tools/gcc-arm-none-eabi-10.3-2021.10/bin/../lib/gcc/arm-none-eabi/10.3.1/thumb/v6-m/nofp/crtbegin.o
                0x08001cac                PROVIDE (__init_array_end = .)

.fini_array     0x08001cac        0x4
                [!provide]                PROVIDE (__fini_array_start = .)
 *(SORT_BY_NAME(.fini_array.*))
 *(.fini_array*)
 .fini_array    0x08001cac        0x4 c:/dev/tools/gcc-arm-none-eabi-10.3-2021.10/bin/../lib/gcc/arm-none-eabi/10.3.1/thumb/v6-m/nofp/crtbegin.o
                [!provide]                PROVIDE (__fini_array_end = .)
                0x08001cb0                _sidata = LOADADDR (.data)

.data           0x20000000        0xc load address 0x08001cb0
                0x20000000                . = ALIGN (0x4)
                0x20000000                _sdata = .
 *(.data)
 *(.data*)
 .data.uwTickFreq
                0x20000000        0x1 build/stm32g0xx_hal.o
                0x20000000                uwTickFreq
 *fill*         0x20000001        0x3 
 .data.uwTickPrio
                0x20000004        0x4 build/stm32g0xx_hal.o
                0x20000004                uwTickPrio
 .data.SystemCoreClock
                0x20000008        0x4 build/system_stm32g0xx.o
                0x20000008                SystemCoreClock
                0x2000000c                . = ALIGN (0x4)
                0x2000000c                _edata = .

.igot.plt       0x2000000c        0x0 load address 0x08001cbc
 .igot.plt      0x2000000c        0x0 c:/dev/tools/gcc-arm-none-eabi-10.3-2021.10/bin/../lib/gcc/arm-none-eabi/10.3.1/thumb/v6-m/nofp/crtbegin.o
                0x2000000c                . = ALIGN (0x4)

.bss            0x2000000c      0x118 load address 0x08001cbc
                0x2000000c                _sbss = .
                0x2000000c                __bss_start__ = _sbss
 *(.bss)
 .bss           0x2000000c       0x1c c:/dev/tools/gcc-arm-none-eabi-10.3-2021.10/bin/../lib/gcc/arm-none-eabi/10.3.1/thumb/v6-m/nofp/crtbegin.o
 *(.bss*)
 .bss.hspi1     0x20000028       0x64 build/main.o
                0x20000028                hspi1
 .bss.huart2    0x2000008c       0x94 build/main.o
                0x2000008c                huart2
 .bss.uwTick    0x20000120        0x4 build/stm32g0xx_hal.o
                0x20000120                uwTick
 *(COMMON)
                0x20000124                . = ALIGN (0x4)
                0x20000124                _ebss = .
                0x20000124                __bss_end__ = _ebss

._user_heap_stack
                0x20000124      0x604 load address 0x08001cbc
                0x20000128                . = ALIGN (0x8)
 *fill*         0x20000124        0x4 
                [!provide]                PROVIDE (end = .)
                0x20000128                PROVIDE (_end = .)
                0x20000328                . = (. + _Min_Heap_Size)
 *fill*         0x20000128      0x200 
                0x20000728                . = (. + _Min_Stack_Size)
 *fill*         0x20000328      0x400 
                0x20000728                . = ALIGN (0x8)

/DISCARD/
 libc.a(*)
 libm.a(*)
 libgcc.a(*)

.ARM.attributes
                0x00000000       0x28
 *(.ARM.attributes)
 .ARM.attributes
                0x00000000       0x1e c:/dev/tools/gcc-arm-none-eabi-10.3-2021.10/bin/../lib/gcc/arm-none-eabi/10.3.1/thumb/v6-m/nofp/crti.o
 .ARM.attributes
                0x0000001e       0x2c c:/dev/tools/gcc-arm-none-eabi-10.3-2021.10/bin/../lib/gcc/arm-none-eabi/10.3.1/thumb/v6-m/nofp/crtbegin.o
 .ARM.attributes
                0x0000004a       0x2c build/main.o
 .ARM.attributes
                0x00000076       0x2c build/stm32g0xx_it.o
 .ARM.attributes
                0x000000a2       0x2c build/stm32g0xx_hal_msp.o
 .ARM.attributes
                0x000000ce       0x2c build/stm32g0xx_hal_spi.o
 .ARM.attributes
                0x000000fa       0x2c build/stm32g0xx_hal_rcc.o
 .ARM.attributes
                0x00000126       0x2c build/stm32g0xx_hal_rcc_ex.o
 .ARM.attributes
                0x00000152       0x2c build/stm32g0xx_hal_gpio.o
 .ARM.attributes
                0x0000017e       0x2c build/stm32g0xx_hal_pwr_ex.o
 .ARM.attributes
                0x000001aa       0x2c build/stm32g0xx_hal_cortex.o
 .ARM.attributes
                0x000001d6       0x2c build/stm32g0xx_hal.o
 .ARM.attributes
                0x00000202       0x2c build/stm32g0xx_hal_uart.o
 .ARM.attributes
                0x0000022e       0x2c build/stm32g0xx_hal_uart_ex.o
 .ARM.attributes
                0x0000025a       0x2c build/system_stm32g0xx.o
 .ARM.attributes
                0x00000286       0x22 build/startup_stm32g070xx.o
 .ARM.attributes
                0x000002a8       0x2c c:/dev/tools/gcc-arm-none-eabi-10.3-2021.10/bin/../lib/gcc/arm-none-eabi/10.3.1/../../../../arm-none-eabi/lib/thumb/v6-m/nofp\libc_nano.a(lib_a-init.o)
 .ARM.attributes
                0x000002d4       0x2c c:/dev/tools/gcc-arm-none-eabi-10.3-2021.10/bin/../lib/gcc/arm-none-eabi/10.3.1/../../../../arm-none-eabi/lib/thumb/v6-m/nofp\libc_nano.a(lib_a-memset.o)
 .ARM.attributes
                0x00000300       0x1e c:/dev/tools/gcc-arm-none-eabi-10.3-2021.10/bin/../lib/gcc/arm-none-eabi/10.3.1/thumb/v6-m/nofp\libgcc.a(_udivsi3.o)
 .ARM.attributes
                0x0000031e       0x1e c:/dev/tools/gcc-arm-none-eabi-10.3-2021.10/bin/../lib/gcc/arm-none-eabi/10.3.1/thumb/v6-m/nofp\libgcc.a(_divsi3.o)
 .ARM.attributes
                0x0000033c       0x1e c:/dev/tools/gcc-arm-none-eabi-10.3-2021.10/bin/../lib/gcc/arm-none-eabi/10.3.1/thumb/v6-m/nofp\libgcc.a(_dvmd_tls.o)
 .ARM.attributes
                0x0000035a       0x1e c:/dev/tools/gcc-arm-none-eabi-10.3-2021.10/bin/../lib/gcc/arm-none-eabi/10.3.1/thumb/v6-m/nofp/crtn.o
OUTPUT(build/SPI_RFM69_G070RB.elf elf32-littlearm)
LOAD linker stubs
LOAD c:/dev/tools/gcc-arm-none-eabi-10.3-2021.10/bin/../lib/gcc/arm-none-eabi/10.3.1/../../../../arm-none-eabi/lib/thumb/v6-m/nofp\libc.a
LOAD c:/dev/tools/gcc-arm-none-eabi-10.3-2021.10/bin/../lib/gcc/arm-none-eabi/10.3.1/../../../../arm-none-eabi/lib/thumb/v6-m/nofp\libm.a
LOAD c:/dev/tools/gcc-arm-none-eabi-10.3-2021.10/bin/../lib/gcc/arm-none-eabi/10.3.1/thumb/v6-m/nofp\libgcc.a

.debug_info     0x00000000    0x10309
 .debug_info    0x00000000     0x149e build/main.o
 .debug_info    0x0000149e      0x149 build/stm32g0xx_it.o
 .debug_info    0x000015e7     0x118a build/stm32g0xx_hal_msp.o
 .debug_info    0x00002771     0x242f build/stm32g0xx_hal_spi.o
 .debug_info    0x00004ba0      0xe60 build/stm32g0xx_hal_rcc.o
 .debug_info    0x00005a00      0x9a6 build/stm32g0xx_hal_rcc_ex.o
 .debug_info    0x000063a6      0x693 build/stm32g0xx_hal_gpio.o
 .debug_info    0x00006a39      0x5ca build/stm32g0xx_hal_pwr_ex.o
 .debug_info    0x00007003      0xb40 build/stm32g0xx_hal_cortex.o
 .debug_info    0x00007b43      0xab4 build/stm32g0xx_hal.o
 .debug_info    0x000085f7     0x65b8 build/stm32g0xx_hal_uart.o
 .debug_info    0x0000ebaf     0x1364 build/stm32g0xx_hal_uart_ex.o
 .debug_info    0x0000ff13      0x3d4 build/system_stm32g0xx.o
 .debug_info    0x000102e7       0x22 build/startup_stm32g070xx.o

.debug_abbrev   0x00000000     0x1eed
 .debug_abbrev  0x00000000      0x26a build/main.o
 .debug_abbrev  0x0000026a       0xba build/stm32g0xx_it.o
 .debug_abbrev  0x00000324      0x1e8 build/stm32g0xx_hal_msp.o
 .debug_abbrev  0x0000050c      0x2bd build/stm32g0xx_hal_spi.o
 .debug_abbrev  0x000007c9      0x2d8 build/stm32g0xx_hal_rcc.o
 .debug_abbrev  0x00000aa1      0x26e build/stm32g0xx_hal_rcc_ex.o
 .debug_abbrev  0x00000d0f      0x239 build/stm32g0xx_hal_gpio.o
 .debug_abbrev  0x00000f48      0x219 build/stm32g0xx_hal_pwr_ex.o
 .debug_abbrev  0x00001161      0x2c7 build/stm32g0xx_hal_cortex.o
 .debug_abbrev  0x00001428      0x2bc build/stm32g0xx_hal.o
 .debug_abbrev  0x000016e4      0x35e build/stm32g0xx_hal_uart.o
 .debug_abbrev  0x00001a42      0x354 build/stm32g0xx_hal_uart_ex.o
 .debug_abbrev  0x00001d96      0x145 build/system_stm32g0xx.o
 .debug_abbrev  0x00001edb       0x12 build/startup_stm32g070xx.o

.debug_loc      0x00000000     0xa511
 .debug_loc     0x00000000       0xb9 build/main.o
 .debug_loc     0x000000b9       0x20 build/stm32g0xx_it.o
 .debug_loc     0x000000d9      0x1bb build/stm32g0xx_hal_msp.o
 .debug_loc     0x00000294     0x276f build/stm32g0xx_hal_spi.o
 .debug_loc     0x00002a03      0x884 build/stm32g0xx_hal_rcc.o
 .debug_loc     0x00003287      0x863 build/stm32g0xx_hal_rcc_ex.o
 .debug_loc     0x00003aea      0x433 build/stm32g0xx_hal_gpio.o
 .debug_loc     0x00003f1d      0x320 build/stm32g0xx_hal_pwr_ex.o
 .debug_loc     0x0000423d      0x498 build/stm32g0xx_hal_cortex.o
 .debug_loc     0x000046d5      0x25d build/stm32g0xx_hal.o
 .debug_loc     0x00004932     0x4cd3 build/stm32g0xx_hal_uart.o
 .debug_loc     0x00009605      0xe43 build/stm32g0xx_hal_uart_ex.o
 .debug_loc     0x0000a448       0xc9 build/system_stm32g0xx.o

.debug_aranges  0x00000000      0x948
 .debug_aranges
                0x00000000       0x48 build/main.o
 .debug_aranges
                0x00000048       0x40 build/stm32g0xx_it.o
 .debug_aranges
                0x00000088       0x40 build/stm32g0xx_hal_msp.o
 .debug_aranges
                0x000000c8      0x1d8 build/stm32g0xx_hal_spi.o
 .debug_aranges
                0x000002a0       0x98 build/stm32g0xx_hal_rcc.o
 .debug_aranges
                0x00000338       0x40 build/stm32g0xx_hal_rcc_ex.o
 .debug_aranges
                0x00000378       0x60 build/stm32g0xx_hal_gpio.o
 .debug_aranges
                0x000003d8       0x98 build/stm32g0xx_hal_pwr_ex.o
 .debug_aranges
                0x00000470       0xa0 build/stm32g0xx_hal_cortex.o
 .debug_aranges
                0x00000510       0xf8 build/stm32g0xx_hal.o
 .debug_aranges
                0x00000608      0x248 build/stm32g0xx_hal_uart.o
 .debug_aranges
                0x00000850       0xa8 build/stm32g0xx_hal_uart_ex.o
 .debug_aranges
                0x000008f8       0x28 build/system_stm32g0xx.o
 .debug_aranges
                0x00000920       0x28 build/startup_stm32g070xx.o

.debug_ranges   0x00000000      0x938
 .debug_ranges  0x00000000       0x38 build/main.o
 .debug_ranges  0x00000038       0x30 build/stm32g0xx_it.o
 .debug_ranges  0x00000068       0x30 build/stm32g0xx_hal_msp.o
 .debug_ranges  0x00000098      0x1c8 build/stm32g0xx_hal_spi.o
 .debug_ranges  0x00000260       0xa8 build/stm32g0xx_hal_rcc.o
 .debug_ranges  0x00000308       0x48 build/stm32g0xx_hal_rcc_ex.o
 .debug_ranges  0x00000350       0x50 build/stm32g0xx_hal_gpio.o
 .debug_ranges  0x000003a0       0x88 build/stm32g0xx_hal_pwr_ex.o
 .debug_ranges  0x00000428       0xf0 build/stm32g0xx_hal_cortex.o
 .debug_ranges  0x00000518       0xe8 build/stm32g0xx_hal.o
 .debug_ranges  0x00000600      0x238 build/stm32g0xx_hal_uart.o
 .debug_ranges  0x00000838       0xc8 build/stm32g0xx_hal_uart_ex.o
 .debug_ranges  0x00000900       0x18 build/system_stm32g0xx.o
 .debug_ranges  0x00000918       0x20 build/startup_stm32g070xx.o

.debug_line     0x00000000     0xb87a
 .debug_line    0x00000000      0x4f4 build/main.o
 .debug_line    0x000004f4      0x1be build/stm32g0xx_it.o
 .debug_line    0x000006b2      0x379 build/stm32g0xx_hal_msp.o
 .debug_line    0x00000a2b     0x282c build/stm32g0xx_hal_spi.o
 .debug_line    0x00003257      0xd6c build/stm32g0xx_hal_rcc.o
 .debug_line    0x00003fc3      0x7cb build/stm32g0xx_hal_rcc_ex.o
 .debug_line    0x0000478e      0x692 build/stm32g0xx_hal_gpio.o
 .debug_line    0x00004e20      0x54f build/stm32g0xx_hal_pwr_ex.o
 .debug_line    0x0000536f      0x68d build/stm32g0xx_hal_cortex.o
 .debug_line    0x000059fc      0x5ae build/stm32g0xx_hal.o
 .debug_line    0x00005faa     0x4961 build/stm32g0xx_hal_uart.o
 .debug_line    0x0000a90b      0xc87 build/stm32g0xx_hal_uart_ex.o
 .debug_line    0x0000b592      0x271 build/system_stm32g0xx.o
 .debug_line    0x0000b803       0x77 build/startup_stm32g070xx.o

.debug_str      0x00000000     0x2e28
 .debug_str     0x00000000      0xbb4 build/main.o
                                0xc89 (size before relaxing)
 .debug_str     0x00000bb4       0x6d build/stm32g0xx_it.o
                                0x1d7 (size before relaxing)
 .debug_str     0x00000c21      0x154 build/stm32g0xx_hal_msp.o
                                0xb2a (size before relaxing)
 .debug_str     0x00000d75      0x5d9 build/stm32g0xx_hal_spi.o
                                0xca1 (size before relaxing)
 .debug_str     0x0000134e      0x2f1 build/stm32g0xx_hal_rcc.o
                                0x75c (size before relaxing)
 .debug_str     0x0000163f      0x113 build/stm32g0xx_hal_rcc_ex.o
                                0x5b6 (size before relaxing)
 .debug_str     0x00001752      0x112 build/stm32g0xx_hal_gpio.o
                                0x3e9 (size before relaxing)
 .debug_str     0x00001864      0x253 build/stm32g0xx_hal_pwr_ex.o
                                0x4d4 (size before relaxing)
 .debug_str     0x00001ab7      0x56b build/stm32g0xx_hal_cortex.o
                                0x745 (size before relaxing)
 .debug_str     0x00002022      0x2fe build/stm32g0xx_hal.o
                                0x82e (size before relaxing)
 .debug_str     0x00002320      0x854 build/stm32g0xx_hal_uart.o
                               0x1136 (size before relaxing)
 .debug_str     0x00002b74      0x253 build/stm32g0xx_hal_uart_ex.o
                                0xb30 (size before relaxing)
 .debug_str     0x00002dc7       0x3d build/system_stm32g0xx.o
                                0x2d4 (size before relaxing)
 .debug_str     0x00002e04       0x24 build/startup_stm32g070xx.o
                                 0x45 (size before relaxing)

.comment        0x00000000       0x49
 .comment       0x00000000       0x49 build/main.o
                                 0x4a (size before relaxing)
 .comment       0x00000049       0x4a build/stm32g0xx_it.o
 .comment       0x00000049       0x4a build/stm32g0xx_hal_msp.o
 .comment       0x00000049       0x4a build/stm32g0xx_hal_spi.o
 .comment       0x00000049       0x4a build/stm32g0xx_hal_rcc.o
 .comment       0x00000049       0x4a build/stm32g0xx_hal_rcc_ex.o
 .comment       0x00000049       0x4a build/stm32g0xx_hal_gpio.o
 .comment       0x00000049       0x4a build/stm32g0xx_hal_pwr_ex.o
 .comment       0x00000049       0x4a build/stm32g0xx_hal_cortex.o
 .comment       0x00000049       0x4a build/stm32g0xx_hal.o
 .comment       0x00000049       0x4a build/stm32g0xx_hal_uart.o
 .comment       0x00000049       0x4a build/stm32g0xx_hal_uart_ex.o
 .comment       0x00000049       0x4a build/system_stm32g0xx.o

.debug_frame    0x00000000     0x17d8
 .debug_frame   0x00000000       0xa0 build/main.o
 .debug_frame   0x000000a0       0x68 build/stm32g0xx_it.o
 .debug_frame   0x00000108       0x8c build/stm32g0xx_hal_msp.o
 .debug_frame   0x00000194      0x5a4 build/stm32g0xx_hal_spi.o
 .debug_frame   0x00000738      0x16c build/stm32g0xx_hal_rcc.o
 .debug_frame   0x000008a4       0x90 build/stm32g0xx_hal_rcc_ex.o
 .debug_frame   0x00000934       0xd0 build/stm32g0xx_hal_gpio.o
 .debug_frame   0x00000a04      0x120 build/stm32g0xx_hal_pwr_ex.o
 .debug_frame   0x00000b24      0x134 build/stm32g0xx_hal_cortex.o
 .debug_frame   0x00000c58      0x1fc build/stm32g0xx_hal.o
 .debug_frame   0x00000e54      0x6e0 build/stm32g0xx_hal_uart.o
 .debug_frame   0x00001534      0x1e0 build/stm32g0xx_hal_uart_ex.o
 .debug_frame   0x00001714       0x38 build/system_stm32g0xx.o
 .debug_frame   0x0000174c       0x2c c:/dev/tools/gcc-arm-none-eabi-10.3-2021.10/bin/../lib/gcc/arm-none-eabi/10.3.1/../../../../arm-none-eabi/lib/thumb/v6-m/nofp\libc_nano.a(lib_a-init.o)
 .debug_frame   0x00001778       0x20 c:/dev/tools/gcc-arm-none-eabi-10.3-2021.10/bin/../lib/gcc/arm-none-eabi/10.3.1/../../../../arm-none-eabi/lib/thumb/v6-m/nofp\libc_nano.a(lib_a-memset.o)
 .debug_frame   0x00001798       0x20 c:/dev/tools/gcc-arm-none-eabi-10.3-2021.10/bin/../lib/gcc/arm-none-eabi/10.3.1/thumb/v6-m/nofp\libgcc.a(_udivsi3.o)
 .debug_frame   0x000017b8       0x20 c:/dev/tools/gcc-arm-none-eabi-10.3-2021.10/bin/../lib/gcc/arm-none-eabi/10.3.1/thumb/v6-m/nofp\libgcc.a(_divsi3.o)

Cross Reference Table

Symbol                                            File
ADC1_IRQHandler                                   build/startup_stm32g070xx.o
AHBPrescTable                                     build/system_stm32g0xx.o
                                                  build/stm32g0xx_hal_rcc.o
APBPrescTable                                     build/system_stm32g0xx.o
                                                  build/stm32g0xx_hal_rcc.o
DMA1_Ch4_7_DMAMUX1_OVR_IRQHandler                 build/startup_stm32g070xx.o
DMA1_Channel1_IRQHandler                          build/startup_stm32g070xx.o
DMA1_Channel2_3_IRQHandler                        build/startup_stm32g070xx.o
Default_Handler                                   build/startup_stm32g070xx.o
EXTI0_1_IRQHandler                                build/startup_stm32g070xx.o
EXTI2_3_IRQHandler                                build/startup_stm32g070xx.o
EXTI4_15_IRQHandler                               build/startup_stm32g070xx.o
Error_Handler                                     build/main.o
                                                  build/stm32g0xx_hal_msp.o
FLASH_FlushCaches                                 build/stm32g0xx_hal_flash_ex.o
FLASH_IRQHandler                                  build/startup_stm32g070xx.o
FLASH_PageErase                                   build/stm32g0xx_hal_flash_ex.o
                                                  build/stm32g0xx_hal_flash.o
FLASH_WaitForLastOperation                        build/stm32g0xx_hal_flash.o
                                                  build/stm32g0xx_hal_flash_ex.o
HAL_DBGMCU_DisableDBGStandbyMode                  build/stm32g0xx_hal.o
HAL_DBGMCU_DisableDBGStopMode                     build/stm32g0xx_hal.o
HAL_DBGMCU_EnableDBGStandbyMode                   build/stm32g0xx_hal.o
HAL_DBGMCU_EnableDBGStopMode                      build/stm32g0xx_hal.o
HAL_DMAEx_ConfigMuxRequestGenerator               build/stm32g0xx_hal_dma_ex.o
HAL_DMAEx_ConfigMuxSync                           build/stm32g0xx_hal_dma_ex.o
HAL_DMAEx_DisableMuxRequestGenerator              build/stm32g0xx_hal_dma_ex.o
HAL_DMAEx_EnableMuxRequestGenerator               build/stm32g0xx_hal_dma_ex.o
HAL_DMAEx_MUX_IRQHandler                          build/stm32g0xx_hal_dma_ex.o
HAL_DMA_Abort                                     build/stm32g0xx_hal_dma.o
                                                  build/stm32g0xx_hal_uart.o
                                                  build/stm32g0xx_hal_spi.o
HAL_DMA_Abort_IT                                  build/stm32g0xx_hal_dma.o
                                                  build/stm32g0xx_hal_uart.o
                                                  build/stm32g0xx_hal_spi.o
HAL_DMA_DeInit                                    build/stm32g0xx_hal_dma.o
HAL_DMA_GetError                                  build/stm32g0xx_hal_dma.o
                                                  build/stm32g0xx_hal_uart.o
HAL_DMA_GetState                                  build/stm32g0xx_hal_dma.o
HAL_DMA_IRQHandler                                build/stm32g0xx_hal_dma.o
HAL_DMA_Init                                      build/stm32g0xx_hal_dma.o
HAL_DMA_PollForTransfer                           build/stm32g0xx_hal_dma.o
HAL_DMA_RegisterCallback                          build/stm32g0xx_hal_dma.o
HAL_DMA_Start                                     build/stm32g0xx_hal_dma.o
HAL_DMA_Start_IT                                  build/stm32g0xx_hal_dma.o
                                                  build/stm32g0xx_hal_uart.o
                                                  build/stm32g0xx_hal_spi.o
HAL_DMA_UnRegisterCallback                        build/stm32g0xx_hal_dma.o
HAL_DeInit                                        build/stm32g0xx_hal.o
HAL_Delay                                         build/stm32g0xx_hal.o
                                                  build/main.o
HAL_EXTI_ClearConfigLine                          build/stm32g0xx_hal_exti.o
HAL_EXTI_ClearPending                             build/stm32g0xx_hal_exti.o
HAL_EXTI_GenerateSWI                              build/stm32g0xx_hal_exti.o
HAL_EXTI_GetConfigLine                            build/stm32g0xx_hal_exti.o
HAL_EXTI_GetHandle                                build/stm32g0xx_hal_exti.o
HAL_EXTI_GetPending                               build/stm32g0xx_hal_exti.o
HAL_EXTI_IRQHandler                               build/stm32g0xx_hal_exti.o
HAL_EXTI_RegisterCallback                         build/stm32g0xx_hal_exti.o
HAL_EXTI_SetConfigLine                            build/stm32g0xx_hal_exti.o
HAL_FLASHEx_Erase                                 build/stm32g0xx_hal_flash_ex.o
HAL_FLASHEx_Erase_IT                              build/stm32g0xx_hal_flash_ex.o
HAL_FLASHEx_FlashEmptyCheck                       build/stm32g0xx_hal_flash_ex.o
HAL_FLASHEx_ForceFlashEmpty                       build/stm32g0xx_hal_flash_ex.o
HAL_FLASHEx_OBGetConfig                           build/stm32g0xx_hal_flash_ex.o
HAL_FLASHEx_OBProgram                             build/stm32g0xx_hal_flash_ex.o
HAL_FLASH_EndOfOperationCallback                  build/stm32g0xx_hal_flash.o
HAL_FLASH_GetError                                build/stm32g0xx_hal_flash.o
HAL_FLASH_IRQHandler                              build/stm32g0xx_hal_flash.o
HAL_FLASH_Lock                                    build/stm32g0xx_hal_flash.o
HAL_FLASH_OB_Launch                               build/stm32g0xx_hal_flash.o
HAL_FLASH_OB_Lock                                 build/stm32g0xx_hal_flash.o
HAL_FLASH_OB_Unlock                               build/stm32g0xx_hal_flash.o
HAL_FLASH_OperationErrorCallback                  build/stm32g0xx_hal_flash.o
HAL_FLASH_Program                                 build/stm32g0xx_hal_flash.o
HAL_FLASH_Program_IT                              build/stm32g0xx_hal_flash.o
HAL_FLASH_Unlock                                  build/stm32g0xx_hal_flash.o
HAL_GPIO_DeInit                                   build/stm32g0xx_hal_gpio.o
                                                  build/stm32g0xx_hal_msp.o
HAL_GPIO_EXTI_Falling_Callback                    build/stm32g0xx_hal_gpio.o
HAL_GPIO_EXTI_IRQHandler                          build/stm32g0xx_hal_gpio.o
HAL_GPIO_EXTI_Rising_Callback                     build/stm32g0xx_hal_gpio.o
HAL_GPIO_Init                                     build/stm32g0xx_hal_gpio.o
                                                  build/stm32g0xx_hal_rcc_ex.o
                                                  build/stm32g0xx_hal_rcc.o
                                                  build/stm32g0xx_hal_msp.o
                                                  build/main.o
HAL_GPIO_LockPin                                  build/stm32g0xx_hal_gpio.o
HAL_GPIO_ReadPin                                  build/stm32g0xx_hal_gpio.o
                                                  build/main.o
HAL_GPIO_TogglePin                                build/stm32g0xx_hal_gpio.o
                                                  build/main.o
HAL_GPIO_WritePin                                 build/stm32g0xx_hal_gpio.o
                                                  build/main.o
HAL_GetDEVID                                      build/stm32g0xx_hal.o
HAL_GetHalVersion                                 build/stm32g0xx_hal.o
HAL_GetREVID                                      build/stm32g0xx_hal.o
HAL_GetTick                                       build/stm32g0xx_hal.o
                                                  build/stm32g0xx_hal_uart_ex.o
                                                  build/stm32g0xx_hal_uart.o
                                                  build/stm32g0xx_hal_dma.o
                                                  build/stm32g0xx_hal_flash.o
                                                  build/stm32g0xx_hal_rcc_ex.o
                                                  build/stm32g0xx_hal_rcc.o
                                                  build/stm32g0xx_hal_spi.o
HAL_GetTickFreq                                   build/stm32g0xx_hal.o
HAL_GetTickPrio                                   build/stm32g0xx_hal.o
HAL_GetUIDw0                                      build/stm32g0xx_hal.o
HAL_GetUIDw1                                      build/stm32g0xx_hal.o
HAL_GetUIDw2                                      build/stm32g0xx_hal.o
HAL_HalfDuplex_EnableReceiver                     build/stm32g0xx_hal_uart.o
HAL_HalfDuplex_EnableTransmitter                  build/stm32g0xx_hal_uart.o
HAL_HalfDuplex_Init                               build/stm32g0xx_hal_uart.o
HAL_IncTick                                       build/stm32g0xx_hal.o
                                                  build/stm32g0xx_it.o
HAL_Init                                          build/stm32g0xx_hal.o
                                                  build/main.o
HAL_InitTick                                      build/stm32g0xx_hal.o
                                                  build/stm32g0xx_hal_rcc.o
HAL_LIN_Init                                      build/stm32g0xx_hal_uart.o
HAL_LIN_SendBreak                                 build/stm32g0xx_hal_uart.o
HAL_MPU_ConfigRegion                              build/stm32g0xx_hal_cortex.o
HAL_MPU_Disable                                   build/stm32g0xx_hal_cortex.o
HAL_MPU_DisableRegion                             build/stm32g0xx_hal_cortex.o
HAL_MPU_Enable                                    build/stm32g0xx_hal_cortex.o
HAL_MPU_EnableRegion                              build/stm32g0xx_hal_cortex.o
HAL_MspDeInit                                     build/stm32g0xx_hal.o
HAL_MspInit                                       build/stm32g0xx_hal_msp.o
HAL_MultiProcessorEx_AddressLength_Set            build/stm32g0xx_hal_uart_ex.o
HAL_MultiProcessor_DisableMuteMode                build/stm32g0xx_hal_uart.o
HAL_MultiProcessor_EnableMuteMode                 build/stm32g0xx_hal_uart.o
HAL_MultiProcessor_EnterMuteMode                  build/stm32g0xx_hal_uart.o
HAL_MultiProcessor_Init                           build/stm32g0xx_hal_uart.o
HAL_NVIC_ClearPendingIRQ                          build/stm32g0xx_hal_cortex.o
HAL_NVIC_DisableIRQ                               build/stm32g0xx_hal_cortex.o
HAL_NVIC_EnableIRQ                                build/stm32g0xx_hal_cortex.o
HAL_NVIC_GetPendingIRQ                            build/stm32g0xx_hal_cortex.o
HAL_NVIC_GetPriority                              build/stm32g0xx_hal_cortex.o
HAL_NVIC_SetPendingIRQ                            build/stm32g0xx_hal_cortex.o
HAL_NVIC_SetPriority                              build/stm32g0xx_hal_cortex.o
                                                  build/stm32g0xx_hal.o
HAL_NVIC_SystemReset                              build/stm32g0xx_hal_cortex.o
HAL_PWREx_ControlVoltageScaling                   build/stm32g0xx_hal_pwr_ex.o
                                                  build/main.o
HAL_PWREx_DisableBatteryCharging                  build/stm32g0xx_hal_pwr_ex.o
HAL_PWREx_DisableFlashPowerDown                   build/stm32g0xx_hal_pwr_ex.o
HAL_PWREx_DisableGPIOPullDown                     build/stm32g0xx_hal_pwr_ex.o
HAL_PWREx_DisableGPIOPullUp                       build/stm32g0xx_hal_pwr_ex.o
HAL_PWREx_DisableInternalWakeUpLine               build/stm32g0xx_hal_pwr_ex.o
HAL_PWREx_DisableLowPowerRunMode                  build/stm32g0xx_hal_pwr_ex.o
                                                  build/stm32g0xx_hal_pwr.o
HAL_PWREx_DisablePullUpPullDownConfig             build/stm32g0xx_hal_pwr_ex.o
HAL_PWREx_EnableBatteryCharging                   build/stm32g0xx_hal_pwr_ex.o
HAL_PWREx_EnableFlashPowerDown                    build/stm32g0xx_hal_pwr_ex.o
HAL_PWREx_EnableGPIOPullDown                      build/stm32g0xx_hal_pwr_ex.o
HAL_PWREx_EnableGPIOPullUp                        build/stm32g0xx_hal_pwr_ex.o
HAL_PWREx_EnableInternalWakeUpLine                build/stm32g0xx_hal_pwr_ex.o
HAL_PWREx_EnableLowPowerRunMode                   build/stm32g0xx_hal_pwr_ex.o
                                                  build/stm32g0xx_hal_pwr.o
HAL_PWREx_EnablePullUpPullDownConfig              build/stm32g0xx_hal_pwr_ex.o
HAL_PWREx_GetVoltageRange                         build/stm32g0xx_hal_pwr_ex.o
HAL_PWR_DeInit                                    build/stm32g0xx_hal_pwr.o
HAL_PWR_DisableBkUpAccess                         build/stm32g0xx_hal_pwr.o
                                                  build/stm32g0xx_hal_rcc_ex.o
HAL_PWR_DisableSEVOnPend                          build/stm32g0xx_hal_pwr.o
HAL_PWR_DisableSleepOnExit                        build/stm32g0xx_hal_pwr.o
HAL_PWR_DisableWakeUpPin                          build/stm32g0xx_hal_pwr.o
HAL_PWR_EnableBkUpAccess                          build/stm32g0xx_hal_pwr.o
                                                  build/stm32g0xx_hal_rcc_ex.o
HAL_PWR_EnableSEVOnPend                           build/stm32g0xx_hal_pwr.o
HAL_PWR_EnableSleepOnExit                         build/stm32g0xx_hal_pwr.o
HAL_PWR_EnableWakeUpPin                           build/stm32g0xx_hal_pwr.o
HAL_PWR_EnterSLEEPMode                            build/stm32g0xx_hal_pwr.o
HAL_PWR_EnterSTANDBYMode                          build/stm32g0xx_hal_pwr.o
HAL_PWR_EnterSTOPMode                             build/stm32g0xx_hal_pwr.o
HAL_RCCEx_DisableLSCO                             build/stm32g0xx_hal_rcc_ex.o
HAL_RCCEx_EnableLSCO                              build/stm32g0xx_hal_rcc_ex.o
HAL_RCCEx_GetPeriphCLKConfig                      build/stm32g0xx_hal_rcc_ex.o
HAL_RCCEx_GetPeriphCLKFreq                        build/stm32g0xx_hal_rcc_ex.o
HAL_RCCEx_PeriphCLKConfig                         build/stm32g0xx_hal_rcc_ex.o
                                                  build/stm32g0xx_hal_msp.o
HAL_RCC_CSSCallback                               build/stm32g0xx_hal_rcc.o
HAL_RCC_ClockConfig                               build/stm32g0xx_hal_rcc.o
                                                  build/main.o
HAL_RCC_DeInit                                    build/stm32g0xx_hal_rcc.o
HAL_RCC_DisableLSECSS                             build/stm32g0xx_hal_rcc.o
HAL_RCC_EnableCSS                                 build/stm32g0xx_hal_rcc.o
HAL_RCC_EnableLSECSS                              build/stm32g0xx_hal_rcc.o
HAL_RCC_GetClockConfig                            build/stm32g0xx_hal_rcc.o
HAL_RCC_GetHCLKFreq                               build/stm32g0xx_hal_rcc.o
HAL_RCC_GetOscConfig                              build/stm32g0xx_hal_rcc.o
HAL_RCC_GetPCLK1Freq                              build/stm32g0xx_hal_rcc.o
                                                  build/stm32g0xx_hal_uart.o
                                                  build/stm32g0xx_hal_rcc_ex.o
HAL_RCC_GetResetSource                            build/stm32g0xx_hal_rcc.o
HAL_RCC_GetSysClockFreq                           build/stm32g0xx_hal_rcc.o
                                                  build/stm32g0xx_hal_uart.o
                                                  build/stm32g0xx_hal_rcc_ex.o
HAL_RCC_LSECSSCallback                            build/stm32g0xx_hal_rcc.o
HAL_RCC_MCOConfig                                 build/stm32g0xx_hal_rcc.o
HAL_RCC_NMI_IRQHandler                            build/stm32g0xx_hal_rcc.o
HAL_RCC_OscConfig                                 build/stm32g0xx_hal_rcc.o
                                                  build/main.o
HAL_RS485Ex_Init                                  build/stm32g0xx_hal_uart_ex.o
HAL_ResumeTick                                    build/stm32g0xx_hal.o
HAL_SPIEx_FlushRxFifo                             build/stm32g0xx_hal_spi_ex.o
HAL_SPI_Abort                                     build/stm32g0xx_hal_spi.o
HAL_SPI_AbortCpltCallback                         build/stm32g0xx_hal_spi.o
HAL_SPI_Abort_IT                                  build/stm32g0xx_hal_spi.o
HAL_SPI_DMAPause                                  build/stm32g0xx_hal_spi.o
HAL_SPI_DMAResume                                 build/stm32g0xx_hal_spi.o
HAL_SPI_DMAStop                                   build/stm32g0xx_hal_spi.o
HAL_SPI_DeInit                                    build/stm32g0xx_hal_spi.o
HAL_SPI_ErrorCallback                             build/stm32g0xx_hal_spi.o
HAL_SPI_GetError                                  build/stm32g0xx_hal_spi.o
HAL_SPI_GetState                                  build/stm32g0xx_hal_spi.o
HAL_SPI_IRQHandler                                build/stm32g0xx_hal_spi.o
HAL_SPI_Init                                      build/stm32g0xx_hal_spi.o
                                                  build/main.o
HAL_SPI_MspDeInit                                 build/stm32g0xx_hal_msp.o
HAL_SPI_MspInit                                   build/stm32g0xx_hal_msp.o
HAL_SPI_Receive                                   build/stm32g0xx_hal_spi.o
HAL_SPI_Receive_DMA                               build/stm32g0xx_hal_spi.o
HAL_SPI_Receive_IT                                build/stm32g0xx_hal_spi.o
HAL_SPI_RxCpltCallback                            build/stm32g0xx_hal_spi.o
HAL_SPI_RxHalfCpltCallback                        build/stm32g0xx_hal_spi.o
HAL_SPI_Transmit                                  build/stm32g0xx_hal_spi.o
HAL_SPI_TransmitReceive                           build/stm32g0xx_hal_spi.o
HAL_SPI_TransmitReceive_DMA                       build/stm32g0xx_hal_spi.o
HAL_SPI_TransmitReceive_IT                        build/stm32g0xx_hal_spi.o
HAL_SPI_Transmit_DMA                              build/stm32g0xx_hal_spi.o
HAL_SPI_Transmit_IT                               build/stm32g0xx_hal_spi.o
HAL_SPI_TxCpltCallback                            build/stm32g0xx_hal_spi.o
HAL_SPI_TxHalfCpltCallback                        build/stm32g0xx_hal_spi.o
HAL_SPI_TxRxCpltCallback                          build/stm32g0xx_hal_spi.o
HAL_SPI_TxRxHalfCpltCallback                      build/stm32g0xx_hal_spi.o
HAL_SYSCFG_DisableIOAnalogSwitchBooster           build/stm32g0xx_hal.o
HAL_SYSCFG_DisableRemap                           build/stm32g0xx_hal.o
HAL_SYSCFG_EnableIOAnalogSwitchBooster            build/stm32g0xx_hal.o
HAL_SYSCFG_EnableRemap                            build/stm32g0xx_hal.o
HAL_SYSCFG_StrobeDBattpinsConfig                  build/stm32g0xx_hal.o
HAL_SYSTICK_CLKSourceConfig                       build/stm32g0xx_hal_cortex.o
HAL_SYSTICK_Callback                              build/stm32g0xx_hal_cortex.o
HAL_SYSTICK_Config                                build/stm32g0xx_hal_cortex.o
                                                  build/stm32g0xx_hal.o
HAL_SYSTICK_IRQHandler                            build/stm32g0xx_hal_cortex.o
HAL_SetTickFreq                                   build/stm32g0xx_hal.o
HAL_SuspendTick                                   build/stm32g0xx_hal.o
HAL_UARTEx_DisableFifoMode                        build/stm32g0xx_hal_uart_ex.o
                                                  build/main.o
HAL_UARTEx_DisableStopMode                        build/stm32g0xx_hal_uart_ex.o
HAL_UARTEx_EnableFifoMode                         build/stm32g0xx_hal_uart_ex.o
HAL_UARTEx_EnableStopMode                         build/stm32g0xx_hal_uart_ex.o
HAL_UARTEx_GetRxEventType                         build/stm32g0xx_hal_uart_ex.o
HAL_UARTEx_ReceiveToIdle                          build/stm32g0xx_hal_uart_ex.o
HAL_UARTEx_ReceiveToIdle_DMA                      build/stm32g0xx_hal_uart_ex.o
HAL_UARTEx_ReceiveToIdle_IT                       build/stm32g0xx_hal_uart_ex.o
HAL_UARTEx_RxEventCallback                        build/stm32g0xx_hal_uart.o
HAL_UARTEx_RxFifoFullCallback                     build/stm32g0xx_hal_uart_ex.o
                                                  build/stm32g0xx_hal_uart.o
HAL_UARTEx_SetRxFifoThreshold                     build/stm32g0xx_hal_uart_ex.o
                                                  build/main.o
HAL_UARTEx_SetTxFifoThreshold                     build/stm32g0xx_hal_uart_ex.o
                                                  build/main.o
HAL_UARTEx_StopModeWakeUpSourceConfig             build/stm32g0xx_hal_uart_ex.o
HAL_UARTEx_TxFifoEmptyCallback                    build/stm32g0xx_hal_uart_ex.o
                                                  build/stm32g0xx_hal_uart.o
HAL_UARTEx_WakeupCallback                         build/stm32g0xx_hal_uart_ex.o
                                                  build/stm32g0xx_hal_uart.o
HAL_UART_Abort                                    build/stm32g0xx_hal_uart.o
HAL_UART_AbortCpltCallback                        build/stm32g0xx_hal_uart.o
HAL_UART_AbortReceive                             build/stm32g0xx_hal_uart.o
HAL_UART_AbortReceiveCpltCallback                 build/stm32g0xx_hal_uart.o
HAL_UART_AbortReceive_IT                          build/stm32g0xx_hal_uart.o
HAL_UART_AbortTransmit                            build/stm32g0xx_hal_uart.o
HAL_UART_AbortTransmitCpltCallback                build/stm32g0xx_hal_uart.o
HAL_UART_AbortTransmit_IT                         build/stm32g0xx_hal_uart.o
HAL_UART_Abort_IT                                 build/stm32g0xx_hal_uart.o
HAL_UART_DMAPause                                 build/stm32g0xx_hal_uart.o
HAL_UART_DMAResume                                build/stm32g0xx_hal_uart.o
HAL_UART_DMAStop                                  build/stm32g0xx_hal_uart.o
HAL_UART_DeInit                                   build/stm32g0xx_hal_uart.o
HAL_UART_DisableReceiverTimeout                   build/stm32g0xx_hal_uart.o
HAL_UART_EnableReceiverTimeout                    build/stm32g0xx_hal_uart.o
HAL_UART_ErrorCallback                            build/stm32g0xx_hal_uart.o
HAL_UART_GetError                                 build/stm32g0xx_hal_uart.o
HAL_UART_GetState                                 build/stm32g0xx_hal_uart.o
HAL_UART_IRQHandler                               build/stm32g0xx_hal_uart.o
HAL_UART_Init                                     build/stm32g0xx_hal_uart.o
                                                  build/main.o
HAL_UART_MspDeInit                                build/stm32g0xx_hal_msp.o
HAL_UART_MspInit                                  build/stm32g0xx_hal_msp.o
                                                  build/stm32g0xx_hal_uart_ex.o
HAL_UART_Receive                                  build/stm32g0xx_hal_uart.o
HAL_UART_Receive_DMA                              build/stm32g0xx_hal_uart.o
HAL_UART_Receive_IT                               build/stm32g0xx_hal_uart.o
HAL_UART_ReceiverTimeout_Config                   build/stm32g0xx_hal_uart.o
HAL_UART_RxCpltCallback                           build/stm32g0xx_hal_uart.o
HAL_UART_RxHalfCpltCallback                       build/stm32g0xx_hal_uart.o
HAL_UART_Transmit                                 build/stm32g0xx_hal_uart.o
                                                  build/main.o
HAL_UART_Transmit_DMA                             build/stm32g0xx_hal_uart.o
HAL_UART_Transmit_IT                              build/stm32g0xx_hal_uart.o
HAL_UART_TxCpltCallback                           build/stm32g0xx_hal_uart.o
HAL_UART_TxHalfCpltCallback                       build/stm32g0xx_hal_uart.o
HardFault_Handler                                 build/stm32g0xx_it.o
I2C1_IRQHandler                                   build/startup_stm32g070xx.o
I2C2_IRQHandler                                   build/startup_stm32g070xx.o
NMI_Handler                                       build/stm32g0xx_it.o
PendSV_Handler                                    build/stm32g0xx_it.o
RCC_IRQHandler                                    build/startup_stm32g070xx.o
RTC_TAMP_IRQHandler                               build/startup_stm32g070xx.o
Reset_Handler                                     build/startup_stm32g070xx.o
SPI1_IRQHandler                                   build/startup_stm32g070xx.o
SPI2_IRQHandler                                   build/startup_stm32g070xx.o
SVC_Handler                                       build/stm32g0xx_it.o
SysTick_Handler                                   build/stm32g0xx_it.o
SystemClock_Config                                build/main.o
SystemCoreClock                                   build/system_stm32g0xx.o
                                                  build/stm32g0xx_hal.o
                                                  build/stm32g0xx_hal_pwr_ex.o
                                                  build/stm32g0xx_hal_rcc.o
                                                  build/stm32g0xx_hal_spi.o
SystemCoreClockUpdate                             build/system_stm32g0xx.o
SystemInit                                        build/system_stm32g0xx.o
                                                  build/startup_stm32g070xx.o
TIM14_IRQHandler                                  build/startup_stm32g070xx.o
TIM15_IRQHandler                                  build/startup_stm32g070xx.o
TIM16_IRQHandler                                  build/startup_stm32g070xx.o
TIM17_IRQHandler                                  build/startup_stm32g070xx.o
TIM1_BRK_UP_TRG_COM_IRQHandler                    build/startup_stm32g070xx.o
TIM1_CC_IRQHandler                                build/startup_stm32g070xx.o
TIM3_IRQHandler                                   build/startup_stm32g070xx.o
TIM6_IRQHandler                                   build/startup_stm32g070xx.o
TIM7_IRQHandler                                   build/startup_stm32g070xx.o
UARTPrescTable                                    build/stm32g0xx_hal_uart.o
UART_AdvFeatureConfig                             build/stm32g0xx_hal_uart.o
                                                  build/stm32g0xx_hal_uart_ex.o
UART_CheckIdleState                               build/stm32g0xx_hal_uart.o
                                                  build/stm32g0xx_hal_uart_ex.o
UART_SetConfig                                    build/stm32g0xx_hal_uart.o
                                                  build/stm32g0xx_hal_uart_ex.o
UART_Start_Receive_DMA                            build/stm32g0xx_hal_uart.o
                                                  build/stm32g0xx_hal_uart_ex.o
UART_Start_Receive_IT                             build/stm32g0xx_hal_uart.o
                                                  build/stm32g0xx_hal_uart_ex.o
UART_WaitOnFlagUntilTimeout                       build/stm32g0xx_hal_uart.o
                                                  build/stm32g0xx_hal_uart_ex.o
USART1_IRQHandler                                 build/startup_stm32g070xx.o
USART2_IRQHandler                                 build/startup_stm32g070xx.o
USART3_4_IRQHandler                               build/startup_stm32g070xx.o
WWDG_IRQHandler                                   build/startup_stm32g070xx.o
_Min_Stack_Size                                   build/sysmem.o
__aeabi_idiv                                      c:/dev/tools/gcc-arm-none-eabi-10.3-2021.10/bin/../lib/gcc/arm-none-eabi/10.3.1/thumb/v6-m/nofp\libgcc.a(_divsi3.o)
                                                  build/stm32g0xx_hal_uart_ex.o
__aeabi_idiv0                                     c:/dev/tools/gcc-arm-none-eabi-10.3-2021.10/bin/../lib/gcc/arm-none-eabi/10.3.1/thumb/v6-m/nofp\libgcc.a(_dvmd_tls.o)
                                                  c:/dev/tools/gcc-arm-none-eabi-10.3-2021.10/bin/../lib/gcc/arm-none-eabi/10.3.1/thumb/v6-m/nofp\libgcc.a(_divsi3.o)
                                                  c:/dev/tools/gcc-arm-none-eabi-10.3-2021.10/bin/../lib/gcc/arm-none-eabi/10.3.1/thumb/v6-m/nofp\libgcc.a(_udivsi3.o)
__aeabi_idivmod                                   c:/dev/tools/gcc-arm-none-eabi-10.3-2021.10/bin/../lib/gcc/arm-none-eabi/10.3.1/thumb/v6-m/nofp\libgcc.a(_divsi3.o)
__aeabi_ldiv0                                     c:/dev/tools/gcc-arm-none-eabi-10.3-2021.10/bin/../lib/gcc/arm-none-eabi/10.3.1/thumb/v6-m/nofp\libgcc.a(_dvmd_tls.o)
__aeabi_uidiv                                     c:/dev/tools/gcc-arm-none-eabi-10.3-2021.10/bin/../lib/gcc/arm-none-eabi/10.3.1/thumb/v6-m/nofp\libgcc.a(_udivsi3.o)
                                                  build/system_stm32g0xx.o
                                                  build/stm32g0xx_hal_uart.o
                                                  build/stm32g0xx_hal.o
                                                  build/stm32g0xx_hal_pwr_ex.o
                                                  build/stm32g0xx_hal_dma.o
                                                  build/stm32g0xx_hal_rcc_ex.o
                                                  build/stm32g0xx_hal_rcc.o
                                                  build/stm32g0xx_hal_spi.o
__aeabi_uidivmod                                  c:/dev/tools/gcc-arm-none-eabi-10.3-2021.10/bin/../lib/gcc/arm-none-eabi/10.3.1/thumb/v6-m/nofp\libgcc.a(_udivsi3.o)
__bss_end__                                       c:/dev/tools/gcc-arm-none-eabi-10.3-2021.10/bin/../lib/gcc/arm-none-eabi/10.3.1/../../../../arm-none-eabi/lib/thumb/v6-m/nofp/crt0.o
__bss_start__                                     c:/dev/tools/gcc-arm-none-eabi-10.3-2021.10/bin/../lib/gcc/arm-none-eabi/10.3.1/../../../../arm-none-eabi/lib/thumb/v6-m/nofp/crt0.o
__call_exitprocs                                  c:/dev/tools/gcc-arm-none-eabi-10.3-2021.10/bin/../lib/gcc/arm-none-eabi/10.3.1/../../../../arm-none-eabi/lib/thumb/v6-m/nofp\libc_nano.a(lib_a-exit.o)
__deregister_frame_info                           c:/dev/tools/gcc-arm-none-eabi-10.3-2021.10/bin/../lib/gcc/arm-none-eabi/10.3.1/thumb/v6-m/nofp/crtbegin.o
__divsi3                                          c:/dev/tools/gcc-arm-none-eabi-10.3-2021.10/bin/../lib/gcc/arm-none-eabi/10.3.1/thumb/v6-m/nofp\libgcc.a(_divsi3.o)
__dso_handle                                      c:/dev/tools/gcc-arm-none-eabi-10.3-2021.10/bin/../lib/gcc/arm-none-eabi/10.3.1/thumb/v6-m/nofp/crtbegin.o
__env                                             build/syscalls.o
__errno                                           c:/dev/tools/gcc-arm-none-eabi-10.3-2021.10/bin/../lib/gcc/arm-none-eabi/10.3.1/../../../../arm-none-eabi/lib/thumb/v6-m/nofp\libc_nano.a(lib_a-errno.o)
                                                  build/syscalls.o
                                                  build/sysmem.o
__init_array_end                                  c:/dev/tools/gcc-arm-none-eabi-10.3-2021.10/bin/../lib/gcc/arm-none-eabi/10.3.1/../../../../arm-none-eabi/lib/thumb/v6-m/nofp\libc_nano.a(lib_a-init.o)
__init_array_start                                c:/dev/tools/gcc-arm-none-eabi-10.3-2021.10/bin/../lib/gcc/arm-none-eabi/10.3.1/../../../../arm-none-eabi/lib/thumb/v6-m/nofp\libc_nano.a(lib_a-init.o)
__io_getchar                                      build/syscalls.o
__io_putchar                                      build/syscalls.o
__libc_fini_array                                 c:/dev/tools/gcc-arm-none-eabi-10.3-2021.10/bin/../lib/gcc/arm-none-eabi/10.3.1/../../../../arm-none-eabi/lib/thumb/v6-m/nofp/crt0.o
__libc_init_array                                 c:/dev/tools/gcc-arm-none-eabi-10.3-2021.10/bin/../lib/gcc/arm-none-eabi/10.3.1/../../../../arm-none-eabi/lib/thumb/v6-m/nofp\libc_nano.a(lib_a-init.o)
                                                  build/startup_stm32g070xx.o
                                                  c:/dev/tools/gcc-arm-none-eabi-10.3-2021.10/bin/../lib/gcc/arm-none-eabi/10.3.1/../../../../arm-none-eabi/lib/thumb/v6-m/nofp/crt0.o
__preinit_array_end                               c:/dev/tools/gcc-arm-none-eabi-10.3-2021.10/bin/../lib/gcc/arm-none-eabi/10.3.1/../../../../arm-none-eabi/lib/thumb/v6-m/nofp\libc_nano.a(lib_a-init.o)
__preinit_array_start                             c:/dev/tools/gcc-arm-none-eabi-10.3-2021.10/bin/../lib/gcc/arm-none-eabi/10.3.1/../../../../arm-none-eabi/lib/thumb/v6-m/nofp\libc_nano.a(lib_a-init.o)
__register_frame_info                             c:/dev/tools/gcc-arm-none-eabi-10.3-2021.10/bin/../lib/gcc/arm-none-eabi/10.3.1/thumb/v6-m/nofp/crtbegin.o
__sf_fake_stderr                                  c:/dev/tools/gcc-arm-none-eabi-10.3-2021.10/bin/../lib/gcc/arm-none-eabi/10.3.1/../../../../arm-none-eabi/lib/thumb/v6-m/nofp\libc_nano.a(lib_a-impure.o)
__sf_fake_stdin                                   c:/dev/tools/gcc-arm-none-eabi-10.3-2021.10/bin/../lib/gcc/arm-none-eabi/10.3.1/../../../../arm-none-eabi/lib/thumb/v6-m/nofp\libc_nano.a(lib_a-impure.o)
__sf_fake_stdout                                  c:/dev/tools/gcc-arm-none-eabi-10.3-2021.10/bin/../lib/gcc/arm-none-eabi/10.3.1/../../../../arm-none-eabi/lib/thumb/v6-m/nofp\libc_nano.a(lib_a-impure.o)
__stack                                           c:/dev/tools/gcc-arm-none-eabi-10.3-2021.10/bin/../lib/gcc/arm-none-eabi/10.3.1/../../../../arm-none-eabi/lib/thumb/v6-m/nofp/crt0.o
__udivsi3                                         c:/dev/tools/gcc-arm-none-eabi-10.3-2021.10/bin/../lib/gcc/arm-none-eabi/10.3.1/thumb/v6-m/nofp\libgcc.a(_udivsi3.o)
_close                                            build/syscalls.o
_ebss                                             build/startup_stm32g070xx.o
_edata                                            build/startup_stm32g070xx.o
_end                                              build/sysmem.o
_estack                                           build/startup_stm32g070xx.o
                                                  build/sysmem.o
_execve                                           build/syscalls.o
_exit                                             build/syscalls.o
                                                  c:/dev/tools/gcc-arm-none-eabi-10.3-2021.10/bin/../lib/gcc/arm-none-eabi/10.3.1/../../../../arm-none-eabi/lib/thumb/v6-m/nofp\libc_nano.a(lib_a-exit.o)
_fini                                             c:/dev/tools/gcc-arm-none-eabi-10.3-2021.10/bin/../lib/gcc/arm-none-eabi/10.3.1/thumb/v6-m/nofp/crti.o
_fork                                             build/syscalls.o
_fstat                                            build/syscalls.o
_getpid                                           build/syscalls.o
_global_impure_ptr                                c:/dev/tools/gcc-arm-none-eabi-10.3-2021.10/bin/../lib/gcc/arm-none-eabi/10.3.1/../../../../arm-none-eabi/lib/thumb/v6-m/nofp\libc_nano.a(lib_a-impure.o)
                                                  c:/dev/tools/gcc-arm-none-eabi-10.3-2021.10/bin/../lib/gcc/arm-none-eabi/10.3.1/../../../../arm-none-eabi/lib/thumb/v6-m/nofp\libc_nano.a(lib_a-exit.o)
_impure_ptr                                       c:/dev/tools/gcc-arm-none-eabi-10.3-2021.10/bin/../lib/gcc/arm-none-eabi/10.3.1/../../../../arm-none-eabi/lib/thumb/v6-m/nofp\libc_nano.a(lib_a-impure.o)
                                                  c:/dev/tools/gcc-arm-none-eabi-10.3-2021.10/bin/../lib/gcc/arm-none-eabi/10.3.1/../../../../arm-none-eabi/lib/thumb/v6-m/nofp\libc_nano.a(lib_a-errno.o)
_init                                             c:/dev/tools/gcc-arm-none-eabi-10.3-2021.10/bin/../lib/gcc/arm-none-eabi/10.3.1/thumb/v6-m/nofp/crti.o
                                                  c:/dev/tools/gcc-arm-none-eabi-10.3-2021.10/bin/../lib/gcc/arm-none-eabi/10.3.1/../../../../arm-none-eabi/lib/thumb/v6-m/nofp\libc_nano.a(lib_a-init.o)
_isatty                                           build/syscalls.o
_kill                                             build/syscalls.o
_link                                             build/syscalls.o
_lseek                                            build/syscalls.o
_mainCRTStartup                                   c:/dev/tools/gcc-arm-none-eabi-10.3-2021.10/bin/../lib/gcc/arm-none-eabi/10.3.1/../../../../arm-none-eabi/lib/thumb/v6-m/nofp/crt0.o
_open                                             build/syscalls.o
_read                                             build/syscalls.o
_sbrk                                             build/sysmem.o
_sbss                                             build/startup_stm32g070xx.o
_sdata                                            build/startup_stm32g070xx.o
_sidata                                           build/startup_stm32g070xx.o
_stack_init                                       c:/dev/tools/gcc-arm-none-eabi-10.3-2021.10/bin/../lib/gcc/arm-none-eabi/10.3.1/../../../../arm-none-eabi/lib/thumb/v6-m/nofp/crt0.o
_start                                            c:/dev/tools/gcc-arm-none-eabi-10.3-2021.10/bin/../lib/gcc/arm-none-eabi/10.3.1/../../../../arm-none-eabi/lib/thumb/v6-m/nofp/crt0.o
_stat                                             build/syscalls.o
_times                                            build/syscalls.o
_unlink                                           build/syscalls.o
_wait                                             build/syscalls.o
_write                                            build/syscalls.o
atexit                                            c:/dev/tools/gcc-arm-none-eabi-10.3-2021.10/bin/../lib/gcc/arm-none-eabi/10.3.1/../../../../arm-none-eabi/lib/thumb/v6-m/nofp/crt0.o
environ                                           build/syscalls.o
exit                                              c:/dev/tools/gcc-arm-none-eabi-10.3-2021.10/bin/../lib/gcc/arm-none-eabi/10.3.1/../../../../arm-none-eabi/lib/thumb/v6-m/nofp\libc_nano.a(lib_a-exit.o)
                                                  c:/dev/tools/gcc-arm-none-eabi-10.3-2021.10/bin/../lib/gcc/arm-none-eabi/10.3.1/../../../../arm-none-eabi/lib/thumb/v6-m/nofp/crt0.o
g_pfnVectors                                      build/startup_stm32g070xx.o
hardware_init_hook                                c:/dev/tools/gcc-arm-none-eabi-10.3-2021.10/bin/../lib/gcc/arm-none-eabi/10.3.1/../../../../arm-none-eabi/lib/thumb/v6-m/nofp/crt0.o
hspi1                                             build/main.o
huart2                                            build/main.o
initialise_monitor_handles                        build/syscalls.o
main                                              build/main.o
                                                  build/startup_stm32g070xx.o
                                                  c:/dev/tools/gcc-arm-none-eabi-10.3-2021.10/bin/../lib/gcc/arm-none-eabi/10.3.1/../../../../arm-none-eabi/lib/thumb/v6-m/nofp/crt0.o
memset                                            c:/dev/tools/gcc-arm-none-eabi-10.3-2021.10/bin/../lib/gcc/arm-none-eabi/10.3.1/../../../../arm-none-eabi/lib/thumb/v6-m/nofp\libc_nano.a(lib_a-memset.o)
                                                  build/stm32g0xx_hal_msp.o
                                                  build/main.o
                                                  c:/dev/tools/gcc-arm-none-eabi-10.3-2021.10/bin/../lib/gcc/arm-none-eabi/10.3.1/../../../../arm-none-eabi/lib/thumb/v6-m/nofp/crt0.o
pFlash                                            build/stm32g0xx_hal_flash.o
                                                  build/stm32g0xx_hal_flash_ex.o
software_init_hook                                c:/dev/tools/gcc-arm-none-eabi-10.3-2021.10/bin/../lib/gcc/arm-none-eabi/10.3.1/../../../../arm-none-eabi/lib/thumb/v6-m/nofp/crt0.o
uwTick                                            build/stm32g0xx_hal.o
uwTickFreq                                        build/stm32g0xx_hal.o
uwTickPrio                                        build/stm32g0xx_hal.o
                                                  build/stm32g0xx_hal_rcc.o
